Archive member included to satisfy reference by file (symbol)

/home/radoslav/st/stm32cubeide_1.10.1/plugins/com.st.stm32cube.ide.mcu.externaltools.gnu-tools-for-stm32.10.3-2021.10.linux64_1.0.0.202111181127/tools/bin/../lib/gcc/arm-none-eabi/10.3.1/../../../../arm-none-eabi/lib/thumb/v7-m/nofp/libc_nano.a(lib_a-errno.o)
                              ./Core/Src/syscalls.o (__errno)
/home/radoslav/st/stm32cubeide_1.10.1/plugins/com.st.stm32cube.ide.mcu.externaltools.gnu-tools-for-stm32.10.3-2021.10.linux64_1.0.0.202111181127/tools/bin/../lib/gcc/arm-none-eabi/10.3.1/../../../../arm-none-eabi/lib/thumb/v7-m/nofp/libc_nano.a(lib_a-exit.o)
                              /home/radoslav/st/stm32cubeide_1.10.1/plugins/com.st.stm32cube.ide.mcu.externaltools.gnu-tools-for-stm32.10.3-2021.10.linux64_1.0.0.202111181127/tools/bin/../lib/gcc/arm-none-eabi/10.3.1/../../../../arm-none-eabi/lib/thumb/v7-m/nofp/crt0.o (exit)
/home/radoslav/st/stm32cubeide_1.10.1/plugins/com.st.stm32cube.ide.mcu.externaltools.gnu-tools-for-stm32.10.3-2021.10.linux64_1.0.0.202111181127/tools/bin/../lib/gcc/arm-none-eabi/10.3.1/../../../../arm-none-eabi/lib/thumb/v7-m/nofp/libc_nano.a(lib_a-impure.o)
                              /home/radoslav/st/stm32cubeide_1.10.1/plugins/com.st.stm32cube.ide.mcu.externaltools.gnu-tools-for-stm32.10.3-2021.10.linux64_1.0.0.202111181127/tools/bin/../lib/gcc/arm-none-eabi/10.3.1/../../../../arm-none-eabi/lib/thumb/v7-m/nofp/libc_nano.a(lib_a-exit.o) (_global_impure_ptr)
/home/radoslav/st/stm32cubeide_1.10.1/plugins/com.st.stm32cube.ide.mcu.externaltools.gnu-tools-for-stm32.10.3-2021.10.linux64_1.0.0.202111181127/tools/bin/../lib/gcc/arm-none-eabi/10.3.1/../../../../arm-none-eabi/lib/thumb/v7-m/nofp/libc_nano.a(lib_a-init.o)
                              /home/radoslav/st/stm32cubeide_1.10.1/plugins/com.st.stm32cube.ide.mcu.externaltools.gnu-tools-for-stm32.10.3-2021.10.linux64_1.0.0.202111181127/tools/bin/../lib/gcc/arm-none-eabi/10.3.1/../../../../arm-none-eabi/lib/thumb/v7-m/nofp/crt0.o (__libc_init_array)
/home/radoslav/st/stm32cubeide_1.10.1/plugins/com.st.stm32cube.ide.mcu.externaltools.gnu-tools-for-stm32.10.3-2021.10.linux64_1.0.0.202111181127/tools/bin/../lib/gcc/arm-none-eabi/10.3.1/../../../../arm-none-eabi/lib/thumb/v7-m/nofp/libc_nano.a(lib_a-memset.o)
                              /home/radoslav/st/stm32cubeide_1.10.1/plugins/com.st.stm32cube.ide.mcu.externaltools.gnu-tools-for-stm32.10.3-2021.10.linux64_1.0.0.202111181127/tools/bin/../lib/gcc/arm-none-eabi/10.3.1/../../../../arm-none-eabi/lib/thumb/v7-m/nofp/crt0.o (memset)
/home/radoslav/st/stm32cubeide_1.10.1/plugins/com.st.stm32cube.ide.mcu.externaltools.gnu-tools-for-stm32.10.3-2021.10.linux64_1.0.0.202111181127/tools/bin/../lib/gcc/arm-none-eabi/10.3.1/../../../../arm-none-eabi/lib/thumb/v7-m/nofp/libc_nano.a(lib_a-strchr.o)
                              ./Drivers/ioLibrary_Driver/Internet/DNS/dns.o (strchr)
/home/radoslav/st/stm32cubeide_1.10.1/plugins/com.st.stm32cube.ide.mcu.externaltools.gnu-tools-for-stm32.10.3-2021.10.linux64_1.0.0.202111181127/tools/bin/../lib/gcc/arm-none-eabi/10.3.1/../../../../arm-none-eabi/lib/thumb/v7-m/nofp/libc_nano.a(lib_a-strcpy.o)
                              ./Drivers/ioLibrary_Driver/Internet/DNS/dns.o (strcpy)
/home/radoslav/st/stm32cubeide_1.10.1/plugins/com.st.stm32cube.ide.mcu.externaltools.gnu-tools-for-stm32.10.3-2021.10.linux64_1.0.0.202111181127/tools/bin/../lib/gcc/arm-none-eabi/10.3.1/../../../../arm-none-eabi/lib/thumb/v7-m/nofp/libc_nano.a(lib_a-strlen.o)
                              ./Drivers/ioLibrary_Driver/Internet/DNS/dns.o (strlen)
/home/radoslav/st/stm32cubeide_1.10.1/plugins/com.st.stm32cube.ide.mcu.externaltools.gnu-tools-for-stm32.10.3-2021.10.linux64_1.0.0.202111181127/tools/bin/../lib/gcc/arm-none-eabi/10.3.1/../../../../arm-none-eabi/lib/thumb/v7-m/nofp/libc_nano.a(lib_a-strncpy.o)
                              ./Drivers/ioLibrary_Driver/Internet/DNS/dns.o (strncpy)
/home/radoslav/st/stm32cubeide_1.10.1/plugins/com.st.stm32cube.ide.mcu.externaltools.gnu-tools-for-stm32.10.3-2021.10.linux64_1.0.0.202111181127/tools/bin/../lib/gcc/arm-none-eabi/10.3.1/thumb/v7-m/nofp/libgcc.a(_aeabi_uldivmod.o)
                              ./Drivers/ioLibrary_Driver/Internet/SNTP/sntp.o (__aeabi_uldivmod)
/home/radoslav/st/stm32cubeide_1.10.1/plugins/com.st.stm32cube.ide.mcu.externaltools.gnu-tools-for-stm32.10.3-2021.10.linux64_1.0.0.202111181127/tools/bin/../lib/gcc/arm-none-eabi/10.3.1/thumb/v7-m/nofp/libgcc.a(_udivmoddi4.o)
                              /home/radoslav/st/stm32cubeide_1.10.1/plugins/com.st.stm32cube.ide.mcu.externaltools.gnu-tools-for-stm32.10.3-2021.10.linux64_1.0.0.202111181127/tools/bin/../lib/gcc/arm-none-eabi/10.3.1/thumb/v7-m/nofp/libgcc.a(_aeabi_uldivmod.o) (__udivmoddi4)
[...]
Memory Configuration

Name             Origin             Length             Attributes
RAM              0x0000000020000000 0x0000000000005000 xrw
FLASH            0x0000000008000000 0x0000000000010000 xr
*default*        0x0000000000000000 0xffffffffffffffff

Linker script and memory map

LOAD /home/radoslav/st/stm32cubeide_1.10.1/plugins/com.st.stm32cube.ide.mcu.externaltools.gnu-tools-for-stm32.10.3-2021.10.linux64_1.0.0.202111181127/tools/bin/../lib/gcc/arm-none-eabi/10.3.1/thumb/v7-m/nofp/crti.o
LOAD /home/radoslav/st/stm32cubeide_1.10.1/plugins/com.st.stm32cube.ide.mcu.externaltools.gnu-tools-for-stm32.10.3-2021.10.linux64_1.0.0.202111181127/tools/bin/../lib/gcc/arm-none-eabi/10.3.1/thumb/v7-m/nofp/crtbegin.o
LOAD /home/radoslav/st/stm32cubeide_1.10.1/plugins/com.st.stm32cube.ide.mcu.externaltools.gnu-tools-for-stm32.10.3-2021.10.linux64_1.0.0.202111181127/tools/bin/../lib/gcc/arm-none-eabi/10.3.1/../../../../arm-none-eabi/lib/thumb/v7-m/nofp/crt0.o
LOAD ./Core/Src/W5500HardwareDriver.o
LOAD ./Core/Src/main.o
LOAD ./Core/Src/stm32f1xx_hal_msp.o
LOAD ./Core/Src/stm32f1xx_it.o
LOAD ./Core/Src/syscalls.o
LOAD ./Core/Src/sysmem.o
LOAD ./Core/Src/system_stm32f1xx.o
LOAD ./Core/Startup/startup_stm32f103c8tx.o
LOAD ./Drivers/STM32F1xx_HAL_Driver/Src/stm32f1xx_hal.o
LOAD ./Drivers/STM32F1xx_HAL_Driver/Src/stm32f1xx_hal_cortex.o
LOAD ./Drivers/STM32F1xx_HAL_Driver/Src/stm32f1xx_hal_dma.o
LOAD ./Drivers/STM32F1xx_HAL_Driver/Src/stm32f1xx_hal_exti.o
LOAD ./Drivers/STM32F1xx_HAL_Driver/Src/stm32f1xx_hal_flash.o
LOAD ./Drivers/STM32F1xx_HAL_Driver/Src/stm32f1xx_hal_flash_ex.o
LOAD ./Drivers/STM32F1xx_HAL_Driver/Src/stm32f1xx_hal_gpio.o
LOAD ./Drivers/STM32F1xx_HAL_Driver/Src/stm32f1xx_hal_gpio_ex.o
LOAD ./Drivers/STM32F1xx_HAL_Driver/Src/stm32f1xx_hal_pwr.o
LOAD ./Drivers/STM32F1xx_HAL_Driver/Src/stm32f1xx_hal_rcc.o
LOAD ./Drivers/STM32F1xx_HAL_Driver/Src/stm32f1xx_hal_rcc_ex.o
LOAD ./Drivers/STM32F1xx_HAL_Driver/Src/stm32f1xx_hal_spi.o
LOAD ./Drivers/ioLibrary_Driver/Ethernet/W5100/w5100.o
LOAD ./Drivers/ioLibrary_Driver/Ethernet/W5100S/w5100s.o
LOAD ./Drivers/ioLibrary_Driver/Ethernet/W5200/w5200.o
LOAD ./Drivers/ioLibrary_Driver/Ethernet/W5300/w5300.o
LOAD ./Drivers/ioLibrary_Driver/Ethernet/W5500/w5500.o
LOAD ./Drivers/ioLibrary_Driver/Ethernet/socket.o
LOAD ./Drivers/ioLibrary_Driver/Ethernet/wizchip_conf.o
LOAD ./Drivers/ioLibrary_Driver/Internet/DHCP/dhcp.o
LOAD ./Drivers/ioLibrary_Driver/Internet/DNS/dns.o
LOAD ./Drivers/ioLibrary_Driver/Internet/SNTP/sntp.o
START GROUP
LOAD /home/radoslav/st/stm32cubeide_1.10.1/plugins/com.st.stm32cube.ide.mcu.externaltools.gnu-tools-for-stm32.10.3-2021.10.linux64_1.0.0.202111181127/tools/bin/../lib/gcc/arm-none-eabi/10.3.1/../../../../arm-none-eabi/lib/thumb/v7-m/nofp/libc_nano.a
LOAD /home/radoslav/st/stm32cubeide_1.10.1/plugins/com.st.stm32cube.ide.mcu.externaltools.gnu-tools-for-stm32.10.3-2021.10.linux64_1.0.0.202111181127/tools/bin/../lib/gcc/arm-none-eabi/10.3.1/../../../../arm-none-eabi/lib/thumb/v7-m/nofp/libm.a
END GROUP
START GROUP
LOAD /home/radoslav/st/stm32cubeide_1.10.1/plugins/com.st.stm32cube.ide.mcu.externaltools.gnu-tools-for-stm32.10.3-2021.10.linux64_1.0.0.202111181127/tools/bin/../lib/gcc/arm-none-eabi/10.3.1/thumb/v7-m/nofp/libgcc.a
LOAD /home/radoslav/st/stm32cubeide_1.10.1/plugins/com.st.stm32cube.ide.mcu.externaltools.gnu-tools-for-stm32.10.3-2021.10.linux64_1.0.0.202111181127/tools/bin/../lib/gcc/arm-none-eabi/10.3.1/../../../../arm-none-eabi/lib/thumb/v7-m/nofp/libc_nano.a
END GROUP
START GROUP
LOAD /home/radoslav/st/stm32cubeide_1.10.1/plugins/com.st.stm32cube.ide.mcu.externaltools.gnu-tools-for-stm32.10.3-2021.10.linux64_1.0.0.202111181127/tools/bin/../lib/gcc/arm-none-eabi/10.3.1/thumb/v7-m/nofp/libgcc.a
LOAD /home/radoslav/st/stm32cubeide_1.10.1/plugins/com.st.stm32cube.ide.mcu.externaltools.gnu-tools-for-stm32.10.3-2021.10.linux64_1.0.0.202111181127/tools/bin/../lib/gcc/arm-none-eabi/10.3.1/../../../../arm-none-eabi/lib/thumb/v7-m/nofp/libc_nano.a
LOAD /home/radoslav/st/stm32cubeide_1.10.1/plugins/com.st.stm32cube.ide.mcu.externaltools.gnu-tools-for-stm32.10.3-2021.10.linux64_1.0.0.202111181127/tools/bin/../lib/gcc/arm-none-eabi/10.3.1/../../../../arm-none-eabi/lib/thumb/v7-m/nofp/libnosys.a
END GROUP
START GROUP
LOAD /home/radoslav/st/stm32cubeide_1.10.1/plugins/com.st.stm32cube.ide.mcu.externaltools.gnu-tools-for-stm32.10.3-2021.10.linux64_1.0.0.202111181127/tools/bin/../lib/gcc/arm-none-eabi/10.3.1/thumb/v7-m/nofp/libgcc.a
LOAD /home/radoslav/st/stm32cubeide_1.10.1/plugins/com.st.stm32cube.ide.mcu.externaltools.gnu-tools-for-stm32.10.3-2021.10.linux64_1.0.0.202111181127/tools/bin/../lib/gcc/arm-none-eabi/10.3.1/../../../../arm-none-eabi/lib/thumb/v7-m/nofp/libc_nano.a
LOAD /home/radoslav/st/stm32cubeide_1.10.1/plugins/com.st.stm32cube.ide.mcu.externaltools.gnu-tools-for-stm32.10.3-2021.10.linux64_1.0.0.202111181127/tools/bin/../lib/gcc/arm-none-eabi/10.3.1/../../../../arm-none-eabi/lib/thumb/v7-m/nofp/libnosys.a
END GROUP
LOAD /home/radoslav/st/stm32cubeide_1.10.1/plugins/com.st.stm32cube.ide.mcu.externaltools.gnu-tools-for-stm32.10.3-2021.10.linux64_1.0.0.202111181127/tools/bin/../lib/gcc/arm-none-eabi/10.3.1/thumb/v7-m/nofp/crtend.o
LOAD /home/radoslav/st/stm32cubeide_1.10.1/plugins/com.st.stm32cube.ide.mcu.externaltools.gnu-tools-for-stm32.10.3-2021.10.linux64_1.0.0.202111181127/tools/bin/../lib/gcc/arm-none-eabi/10.3.1/thumb/v7-m/nofp/crtn.o
                0x0000000020005000                _estack = (ORIGIN (RAM) + LENGTH (RAM))
                0x0000000000000200                _Min_Heap_Size = 0x200
                0x0000000000000400                _Min_Stack_Size = 0x400

.isr_vector     0x0000000008000000      0x10c
                0x0000000008000000                . = ALIGN (0x4)
 *(.isr_vector)
 .isr_vector    0x0000000008000000      0x10c ./Core/Startup/startup_stm32f103c8tx.o
                0x0000000008000000                g_pfnVectors
                0x000000000800010c                . = ALIGN (0x4)

.text           0x000000000800010c     0x29d8
                0x000000000800010c                . = ALIGN (0x4)
 *(.text)
 .text          0x000000000800010c       0x40 /home/radoslav/st/stm32cubeide_1.10.1/plugins/com.st.stm32cube.ide.mcu.externaltools.gnu-tools-for-stm32.10.3-2021.10.linux64_1.0.0.202111181127/tools/bin/../lib/gcc/arm-none-eabi/10.3.1/thumb/v7-m/nofp/crtbegin.o
 *(.text*)
 .text.W5500HardwareInitilize
                0x000000000800014c       0xe4 ./Core/Src/W5500HardwareDriver.o
                0x000000000800014c                W5500HardwareInitilize
 .text.W5500Initialze
                0x0000000008000230       0x74 ./Core/Src/W5500HardwareDriver.o
                0x0000000008000230                W5500Initialze
 .text.W5500HardwareReset
                0x00000000080002a4       0x54 ./Core/Src/W5500HardwareDriver.o
                0x00000000080002a4                W5500HardwareReset
 .text.W5500WriteByte
                0x00000000080002f8       0x30 ./Core/Src/W5500HardwareDriver.o
                0x00000000080002f8                W5500WriteByte
 .text.W5500ReadByte
                0x0000000008000328       0x30 ./Core/Src/W5500HardwareDriver.o
                0x0000000008000328                W5500ReadByte
 .text.W5500Select
                0x0000000008000358       0x18 ./Core/Src/W5500HardwareDriver.o
                0x0000000008000358                W5500Select
 .text.W5500DeSelect
                0x0000000008000370       0x18 ./Core/Src/W5500HardwareDriver.o
                0x0000000008000370                W5500DeSelect
 .text.main     0x0000000008000388       0x3c ./Core/Src/main.o
                0x0000000008000388                main
 .text.SystemClock_Config
                0x00000000080003c4       0x76 ./Core/Src/main.o
                0x00000000080003c4                SystemClock_Config
 *fill*         0x000000000800043a        0x2 
 .text.MX_GPIO_Init
                0x000000000800043c       0x2c ./Core/Src/main.o
 .text.Error_Handler
                0x0000000008000468        0xa ./Core/Src/main.o
                0x0000000008000468                Error_Handler
 *fill*         0x0000000008000472        0x2 
 .text.HAL_MspInit
                0x0000000008000474       0x44 ./Core/Src/stm32f1xx_hal_msp.o
                0x0000000008000474                HAL_MspInit
 .text.HAL_SPI_MspInit
                0x00000000080004b8       0x94 ./Core/Src/stm32f1xx_hal_msp.o
                0x00000000080004b8                HAL_SPI_MspInit
 .text.NMI_Handler
                0x000000000800054c        0x6 ./Core/Src/stm32f1xx_it.o
                0x000000000800054c                NMI_Handler
 .text.HardFault_Handler
                0x0000000008000552        0x6 ./Core/Src/stm32f1xx_it.o
                0x0000000008000552                HardFault_Handler
 .text.MemManage_Handler
                0x0000000008000558        0x6 ./Core/Src/stm32f1xx_it.o
                0x0000000008000558                MemManage_Handler
 .text.BusFault_Handler
                0x000000000800055e        0x6 ./Core/Src/stm32f1xx_it.o
                0x000000000800055e                BusFault_Handler
 .text.UsageFault_Handler
                0x0000000008000564        0x6 ./Core/Src/stm32f1xx_it.o
                0x0000000008000564                UsageFault_Handler
 .text.SVC_Handler
                0x000000000800056a        0xc ./Core/Src/stm32f1xx_it.o
                0x000000000800056a                SVC_Handler
 .text.DebugMon_Handler
                0x0000000008000576        0xc ./Core/Src/stm32f1xx_it.o
                0x0000000008000576                DebugMon_Handler
 .text.PendSV_Handler
                0x0000000008000582        0xc ./Core/Src/stm32f1xx_it.o
                0x0000000008000582                PendSV_Handler
 .text.SysTick_Handler
                0x000000000800058e        0xc ./Core/Src/stm32f1xx_it.o
                0x000000000800058e                SysTick_Handler
 .text.SystemInit
                0x000000000800059a        0xc ./Core/Src/system_stm32f1xx.o
                0x000000000800059a                SystemInit
 *fill*         0x00000000080005a6        0x2 
 .text.Reset_Handler
                0x00000000080005a8       0x48 ./Core/Startup/startup_stm32f103c8tx.o
                0x00000000080005a8                Reset_Handler
 .text.Default_Handler
                0x00000000080005f0        0x2 ./Core/Startup/startup_stm32f103c8tx.o
                0x00000000080005f0                RTC_Alarm_IRQHandler
                0x00000000080005f0                EXTI2_IRQHandler
                0x00000000080005f0                TIM1_CC_IRQHandler
                0x00000000080005f0                PVD_IRQHandler
                0x00000000080005f0                EXTI3_IRQHandler
                0x00000000080005f0                EXTI0_IRQHandler
                0x00000000080005f0                I2C2_EV_IRQHandler
                0x00000000080005f0                ADC1_2_IRQHandler
                0x00000000080005f0                SPI1_IRQHandler
                0x00000000080005f0                TAMPER_IRQHandler
                0x00000000080005f0                DMA1_Channel4_IRQHandler
                0x00000000080005f0                USART3_IRQHandler
                0x00000000080005f0                RTC_IRQHandler
                0x00000000080005f0                DMA1_Channel7_IRQHandler
                0x00000000080005f0                CAN1_RX1_IRQHandler
                0x00000000080005f0                TIM4_IRQHandler
                0x00000000080005f0                I2C1_EV_IRQHandler
                0x00000000080005f0                DMA1_Channel6_IRQHandler
                0x00000000080005f0                TIM3_IRQHandler
                0x00000000080005f0                RCC_IRQHandler
                0x00000000080005f0                TIM1_TRG_COM_IRQHandler
                0x00000000080005f0                DMA1_Channel1_IRQHandler
                0x00000000080005f0                Default_Handler
                0x00000000080005f0                EXTI15_10_IRQHandler
                0x00000000080005f0                EXTI9_5_IRQHandler
                0x00000000080005f0                SPI2_IRQHandler
                0x00000000080005f0                DMA1_Channel5_IRQHandler
                0x00000000080005f0                EXTI4_IRQHandler
                0x00000000080005f0                USB_LP_CAN1_RX0_IRQHandler
                0x00000000080005f0                USB_HP_CAN1_TX_IRQHandler
                0x00000000080005f0                DMA1_Channel3_IRQHandler
                0x00000000080005f0                TIM1_UP_IRQHandler
                0x00000000080005f0                WWDG_IRQHandler
                0x00000000080005f0                TIM2_IRQHandler
                0x00000000080005f0                TIM1_BRK_IRQHandler
                0x00000000080005f0                EXTI1_IRQHandler
                0x00000000080005f0                USART2_IRQHandler
                0x00000000080005f0                I2C2_ER_IRQHandler
                0x00000000080005f0                DMA1_Channel2_IRQHandler
                0x00000000080005f0                CAN1_SCE_IRQHandler
                0x00000000080005f0                FLASH_IRQHandler
                0x00000000080005f0                USART1_IRQHandler
                0x00000000080005f0                I2C1_ER_IRQHandler
                0x00000000080005f0                USBWakeUp_IRQHandler
 *fill*         0x00000000080005f2        0x2 
 .text.HAL_Init
                0x00000000080005f4       0x2c ./Drivers/STM32F1xx_HAL_Driver/Src/stm32f1xx_hal.o
                0x00000000080005f4                HAL_Init
 .text.HAL_InitTick
                0x0000000008000620       0x60 ./Drivers/STM32F1xx_HAL_Driver/Src/stm32f1xx_hal.o
                0x0000000008000620                HAL_InitTick
 .text.HAL_IncTick
                0x0000000008000680       0x24 ./Drivers/STM32F1xx_HAL_Driver/Src/stm32f1xx_hal.o
                0x0000000008000680                HAL_IncTick
 .text.HAL_GetTick
                0x00000000080006a4       0x14 ./Drivers/STM32F1xx_HAL_Driver/Src/stm32f1xx_hal.o
                0x00000000080006a4                HAL_GetTick
 .text.__NVIC_SetPriorityGrouping
                0x00000000080006b8       0x48 ./Drivers/STM32F1xx_HAL_Driver/Src/stm32f1xx_hal_cortex.o
 .text.__NVIC_GetPriorityGrouping
                0x0000000008000700       0x1c ./Drivers/STM32F1xx_HAL_Driver/Src/stm32f1xx_hal_cortex.o
 .text.__NVIC_SetPriority
                0x000000000800071c       0x54 ./Drivers/STM32F1xx_HAL_Driver/Src/stm32f1xx_hal_cortex.o
 .text.NVIC_EncodePriority
                0x0000000008000770       0x64 ./Drivers/STM32F1xx_HAL_Driver/Src/stm32f1xx_hal_cortex.o
 .text.SysTick_Config
                0x00000000080007d4       0x44 ./Drivers/STM32F1xx_HAL_Driver/Src/stm32f1xx_hal_cortex.o
 .text.HAL_NVIC_SetPriorityGrouping
                0x0000000008000818       0x16 ./Drivers/STM32F1xx_HAL_Driver/Src/stm32f1xx_hal_cortex.o
                0x0000000008000818                HAL_NVIC_SetPriorityGrouping
 .text.HAL_NVIC_SetPriority
                0x000000000800082e       0x38 ./Drivers/STM32F1xx_HAL_Driver/Src/stm32f1xx_hal_cortex.o
                0x000000000800082e                HAL_NVIC_SetPriority
 .text.HAL_SYSTICK_Config
                0x0000000008000866       0x18 ./Drivers/STM32F1xx_HAL_Driver/Src/stm32f1xx_hal_cortex.o
                0x0000000008000866                HAL_SYSTICK_Config
 *fill*         0x000000000800087e        0x2 
 .text.HAL_GPIO_Init
                0x0000000008000880      0x308 ./Drivers/STM32F1xx_HAL_Driver/Src/stm32f1xx_hal_gpio.o
                0x0000000008000880                HAL_GPIO_Init
 .text.HAL_GPIO_WritePin
                0x0000000008000b88       0x30 ./Drivers/STM32F1xx_HAL_Driver/Src/stm32f1xx_hal_gpio.o
                0x0000000008000b88                HAL_GPIO_WritePin
 .text.HAL_RCC_OscConfig
                0x0000000008000bb8      0x504 ./Drivers/STM32F1xx_HAL_Driver/Src/stm32f1xx_hal_rcc.o
                0x0000000008000bb8                HAL_RCC_OscConfig
 .text.HAL_RCC_ClockConfig
                0x00000000080010bc      0x1d4 ./Drivers/STM32F1xx_HAL_Driver/Src/stm32f1xx_hal_rcc.o
                0x00000000080010bc                HAL_RCC_ClockConfig
 .text.HAL_RCC_GetSysClockFreq
                0x0000000008001290       0xbc ./Drivers/STM32F1xx_HAL_Driver/Src/stm32f1xx_hal_rcc.o
                0x0000000008001290                HAL_RCC_GetSysClockFreq
 .text.RCC_Delay
                0x000000000800134c       0x3c ./Drivers/STM32F1xx_HAL_Driver/Src/stm32f1xx_hal_rcc.o
 .text.HAL_SPI_Init
                0x0000000008001388      0x108 ./Drivers/STM32F1xx_HAL_Driver/Src/stm32f1xx_hal_spi.o
                0x0000000008001388                HAL_SPI_Init
 .text.HAL_SPI_Transmit
                0x0000000008001490      0x278 ./Drivers/STM32F1xx_HAL_Driver/Src/stm32f1xx_hal_spi.o
                0x0000000008001490                HAL_SPI_Transmit
 .text.HAL_SPI_Receive
                0x0000000008001708      0x222 ./Drivers/STM32F1xx_HAL_Driver/Src/stm32f1xx_hal_spi.o
                0x0000000008001708                HAL_SPI_Receive
 .text.HAL_SPI_TransmitReceive
                0x000000000800192a      0x344 ./Drivers/STM32F1xx_HAL_Driver/Src/stm32f1xx_hal_spi.o
                0x000000000800192a                HAL_SPI_TransmitReceive
 *fill*         0x0000000008001c6e        0x2 
 .text.SPI_WaitFlagStateUntilTimeout
                0x0000000008001c70      0x110 ./Drivers/STM32F1xx_HAL_Driver/Src/stm32f1xx_hal_spi.o
 .text.SPI_EndRxTransaction
                0x0000000008001d80       0xa4 ./Drivers/STM32F1xx_HAL_Driver/Src/stm32f1xx_hal_spi.o
 .text.SPI_EndRxTxTransaction
                0x0000000008001e24       0x3c ./Drivers/STM32F1xx_HAL_Driver/Src/stm32f1xx_hal_spi.o
 .text.WIZCHIP_READ
                0x0000000008001e60       0x98 ./Drivers/ioLibrary_Driver/Ethernet/W5500/w5500.o
                0x0000000008001e60                WIZCHIP_READ
 .text.WIZCHIP_WRITE
                0x0000000008001ef8       0x9c ./Drivers/ioLibrary_Driver/Ethernet/W5500/w5500.o
                0x0000000008001ef8                WIZCHIP_WRITE
 .text.WIZCHIP_READ_BUF
                0x0000000008001f94       0xc0 ./Drivers/ioLibrary_Driver/Ethernet/W5500/w5500.o
                0x0000000008001f94                WIZCHIP_READ_BUF
 .text.WIZCHIP_WRITE_BUF
                0x0000000008002054       0xc0 ./Drivers/ioLibrary_Driver/Ethernet/W5500/w5500.o
                0x0000000008002054                WIZCHIP_WRITE_BUF
 .text.wizchip_cris_enter
                0x0000000008002114        0xc ./Drivers/ioLibrary_Driver/Ethernet/wizchip_conf.o
                0x0000000008002114                wizchip_cris_enter
 .text.wizchip_cris_exit
                0x0000000008002120        0xc ./Drivers/ioLibrary_Driver/Ethernet/wizchip_conf.o
                0x0000000008002120                wizchip_cris_exit
 .text.wizchip_cs_select
                0x000000000800212c        0xc ./Drivers/ioLibrary_Driver/Ethernet/wizchip_conf.o
                0x000000000800212c                wizchip_cs_select
 .text.wizchip_cs_deselect
                0x0000000008002138        0xc ./Drivers/ioLibrary_Driver/Ethernet/wizchip_conf.o
                0x0000000008002138                wizchip_cs_deselect
 .text.wizchip_bus_readdata
                0x0000000008002144       0x18 ./Drivers/ioLibrary_Driver/Ethernet/wizchip_conf.o
                0x0000000008002144                wizchip_bus_readdata
 .text.wizchip_bus_writedata
                0x000000000800215c       0x1c ./Drivers/ioLibrary_Driver/Ethernet/wizchip_conf.o
                0x000000000800215c                wizchip_bus_writedata
 .text.wizchip_spi_readbyte
                0x0000000008002178        0xe ./Drivers/ioLibrary_Driver/Ethernet/wizchip_conf.o
                0x0000000008002178                wizchip_spi_readbyte
 .text.wizchip_spi_writebyte
                0x0000000008002186       0x14 ./Drivers/ioLibrary_Driver/Ethernet/wizchip_conf.o
                0x0000000008002186                wizchip_spi_writebyte
 *fill*         0x000000000800219a        0x2 
 .text.reg_wizchip_cs_cbfunc
                0x000000000800219c       0x48 ./Drivers/ioLibrary_Driver/Ethernet/wizchip_conf.o
                0x000000000800219c                reg_wizchip_cs_cbfunc
 .text.reg_wizchip_spi_cbfunc
                0x00000000080021e4       0x58 ./Drivers/ioLibrary_Driver/Ethernet/wizchip_conf.o
                0x00000000080021e4                reg_wizchip_spi_cbfunc
 .text.ctlwizchip
                0x000000000800223c      0x1c4 ./Drivers/ioLibrary_Driver/Ethernet/wizchip_conf.o
                0x000000000800223c                ctlwizchip
 .text.wizchip_sw_reset
                0x0000000008002400       0x98 ./Drivers/ioLibrary_Driver/Ethernet/wizchip_conf.o
                0x0000000008002400                wizchip_sw_reset
 .text.wizchip_init
                0x0000000008002498      0x118 ./Drivers/ioLibrary_Driver/Ethernet/wizchip_conf.o
                0x0000000008002498                wizchip_init
 .text.wizchip_clrinterrupt
                0x00000000080025b0       0x68 ./Drivers/ioLibrary_Driver/Ethernet/wizchip_conf.o
                0x00000000080025b0                wizchip_clrinterrupt
 .text.wizchip_getinterrupt
                0x0000000008002618       0x4a ./Drivers/ioLibrary_Driver/Ethernet/wizchip_conf.o
                0x0000000008002618                wizchip_getinterrupt
 .text.wizchip_setinterruptmask
                0x0000000008002662       0x36 ./Drivers/ioLibrary_Driver/Ethernet/wizchip_conf.o
                0x0000000008002662                wizchip_setinterruptmask
 .text.wizchip_getinterruptmask
                0x0000000008002698       0x46 ./Drivers/ioLibrary_Driver/Ethernet/wizchip_conf.o
                0x0000000008002698                wizchip_getinterruptmask
 .text.wizphy_getphylink
                0x00000000080026de       0x2c ./Drivers/ioLibrary_Driver/Ethernet/wizchip_conf.o
                0x00000000080026de                wizphy_getphylink
 .text.wizphy_getphypmode
                0x000000000800270a       0x32 ./Drivers/ioLibrary_Driver/Ethernet/wizchip_conf.o
                0x000000000800270a                wizphy_getphypmode
 .text.wizphy_reset
                0x000000000800273c       0x4e ./Drivers/ioLibrary_Driver/Ethernet/wizchip_conf.o
                0x000000000800273c                wizphy_reset
 .text.wizphy_setphyconf
                0x000000000800278a       0x84 ./Drivers/ioLibrary_Driver/Ethernet/wizchip_conf.o
                0x000000000800278a                wizphy_setphyconf
 .text.wizphy_getphyconf
                0x000000000800280e       0xd2 ./Drivers/ioLibrary_Driver/Ethernet/wizchip_conf.o
                0x000000000800280e                wizphy_getphyconf
 .text.wizphy_setphypmode
                0x00000000080028e0       0x94 ./Drivers/ioLibrary_Driver/Ethernet/wizchip_conf.o
                0x00000000080028e0                wizphy_setphypmode
 .text.wizchip_setnetinfo
                0x0000000008002974       0x80 ./Drivers/ioLibrary_Driver/Ethernet/wizchip_conf.o
                0x0000000008002974                wizchip_setnetinfo
 .text.wizchip_getnetinfo
                0x00000000080029f4       0x80 ./Drivers/ioLibrary_Driver/Ethernet/wizchip_conf.o
                0x00000000080029f4                wizchip_getnetinfo
 .text.__libc_init_array
                0x0000000008002a74       0x48 /home/radoslav/st/stm32cubeide_1.10.1/plugins/com.st.stm32cube.ide.mcu.externaltools.gnu-tools-for-stm32.10.3-2021.10.linux64_1.0.0.202111181127/tools/bin/../lib/gcc/arm-none-eabi/10.3.1/../../../../arm-none-eabi/lib/thumb/v7-m/nofp/libc_nano.a(lib_a-init.o)
                0x0000000008002a74                __libc_init_array
 .text.memset   0x0000000008002abc       0x10 /home/radoslav/st/stm32cubeide_1.10.1/plugins/com.st.stm32cube.ide.mcu.externaltools.gnu-tools-for-stm32.10.3-2021.10.linux64_1.0.0.202111181127/tools/bin/../lib/gcc/arm-none-eabi/10.3.1/../../../../arm-none-eabi/lib/thumb/v7-m/nofp/libc_nano.a(lib_a-memset.o)
                0x0000000008002abc                memset
 *(.glue_7)
 .glue_7        0x0000000008002acc        0x0 linker stubs
 *(.glue_7t)
 .glue_7t       0x0000000008002acc        0x0 linker stubs
 *(.eh_frame)
 .eh_frame      0x0000000008002acc        0x0 /home/radoslav/st/stm32cubeide_1.10.1/plugins/com.st.stm32cube.ide.mcu.externaltools.gnu-tools-for-stm32.10.3-2021.10.linux64_1.0.0.202111181127/tools/bin/../lib/gcc/arm-none-eabi/10.3.1/thumb/v7-m/nofp/crtbegin.o
 *(.init)
 .init          0x0000000008002acc        0x4 /home/radoslav/st/stm32cubeide_1.10.1/plugins/com.st.stm32cube.ide.mcu.externaltools.gnu-tools-for-stm32.10.3-2021.10.linux64_1.0.0.202111181127/tools/bin/../lib/gcc/arm-none-eabi/10.3.1/thumb/v7-m/nofp/crti.o
                0x0000000008002acc                _init
 .init          0x0000000008002ad0        0x8 /home/radoslav/st/stm32cubeide_1.10.1/plugins/com.st.stm32cube.ide.mcu.externaltools.gnu-tools-for-stm32.10.3-2021.10.linux64_1.0.0.202111181127/tools/bin/../lib/gcc/arm-none-eabi/10.3.1/thumb/v7-m/nofp/crtn.o
 *(.fini)
 .fini          0x0000000008002ad8        0x4 /home/radoslav/st/stm32cubeide_1.10.1/plugins/com.st.stm32cube.ide.mcu.externaltools.gnu-tools-for-stm32.10.3-2021.10.linux64_1.0.0.202111181127/tools/bin/../lib/gcc/arm-none-eabi/10.3.1/thumb/v7-m/nofp/crti.o
                0x0000000008002ad8                _fini
 .fini          0x0000000008002adc        0x8 /home/radoslav/st/stm32cubeide_1.10.1/plugins/com.st.stm32cube.ide.mcu.externaltools.gnu-tools-for-stm32.10.3-2021.10.linux64_1.0.0.202111181127/tools/bin/../lib/gcc/arm-none-eabi/10.3.1/thumb/v7-m/nofp/crtn.o
                0x0000000008002ae4                . = ALIGN (0x4)
                0x0000000008002ae4                _etext = .

.vfp11_veneer   0x0000000008002ae4        0x0
 .vfp11_veneer  0x0000000008002ae4        0x0 linker stubs

.v4_bx          0x0000000008002ae4        0x0
 .v4_bx         0x0000000008002ae4        0x0 linker stubs

.iplt           0x0000000008002ae4        0x0
 .iplt          0x0000000008002ae4        0x0 /home/radoslav/st/stm32cubeide_1.10.1/plugins/com.st.stm32cube.ide.mcu.externaltools.gnu-tools-for-stm32.10.3-2021.10.linux64_1.0.0.202111181127/tools/bin/../lib/gcc/arm-none-eabi/10.3.1/thumb/v7-m/nofp/crtbegin.o

.rodata         0x0000000008002ae4       0x30
                0x0000000008002ae4                . = ALIGN (0x4)
 *(.rodata)
 .rodata        0x0000000008002ae4       0x10 ./Core/Src/W5500HardwareDriver.o
 .rodata        0x0000000008002af4       0x10 ./Drivers/STM32F1xx_HAL_Driver/Src/stm32f1xx_hal_rcc.o
 *(.rodata*)
 .rodata.AHBPrescTable
                0x0000000008002b04       0x10 ./Core/Src/system_stm32f1xx.o
                0x0000000008002b04                AHBPrescTable
                0x0000000008002b14                . = ALIGN (0x4)

.rel.dyn        0x0000000008002b14        0x0
 .rel.iplt      0x0000000008002b14        0x0 /home/radoslav/st/stm32cubeide_1.10.1/plugins/com.st.stm32cube.ide.mcu.externaltools.gnu-tools-for-stm32.10.3-2021.10.linux64_1.0.0.202111181127/tools/bin/../lib/gcc/arm-none-eabi/10.3.1/thumb/v7-m/nofp/crtbegin.o

.ARM.extab      0x0000000008002b14        0x0
                0x0000000008002b14                . = ALIGN (0x4)
 *(.ARM.extab* .gnu.linkonce.armextab.*)
                0x0000000008002b14                . = ALIGN (0x4)

.ARM            0x0000000008002b14        0x0
                0x0000000008002b14                . = ALIGN (0x4)
                0x0000000008002b14                __exidx_start = .
 *(.ARM.exidx*)
                0x0000000008002b14                __exidx_end = .
                0x0000000008002b14                . = ALIGN (0x4)

.preinit_array  0x0000000008002b14        0x0
                0x0000000008002b14                . = ALIGN (0x4)
                0x0000000008002b14                PROVIDE (__preinit_array_start = .)
 *(.preinit_array*)
                0x0000000008002b14                PROVIDE (__preinit_array_end = .)
                0x0000000008002b14                . = ALIGN (0x4)

.init_array     0x0000000008002b14        0x4
                0x0000000008002b14                . = ALIGN (0x4)
                0x0000000008002b14                PROVIDE (__init_array_start = .)
 *(SORT_BY_NAME(.init_array.*))
 *(.init_array*)
 .init_array    0x0000000008002b14        0x4 /home/radoslav/st/stm32cubeide_1.10.1/plugins/com.st.stm32cube.ide.mcu.externaltools.gnu-tools-for-stm32.10.3-2021.10.linux64_1.0.0.202111181127/tools/bin/../lib/gcc/arm-none-eabi/10.3.1/thumb/v7-m/nofp/crtbegin.o
                0x0000000008002b18                PROVIDE (__init_array_end = .)
                0x0000000008002b18                . = ALIGN (0x4)

.fini_array     0x0000000008002b18        0x4
                0x0000000008002b18                . = ALIGN (0x4)
                [!provide]                        PROVIDE (__fini_array_start = .)
 *(SORT_BY_NAME(.fini_array.*))
 *(.fini_array*)
 .fini_array    0x0000000008002b18        0x4 /home/radoslav/st/stm32cubeide_1.10.1/plugins/com.st.stm32cube.ide.mcu.externaltools.gnu-tools-for-stm32.10.3-2021.10.linux64_1.0.0.202111181127/tools/bin/../lib/gcc/arm-none-eabi/10.3.1/thumb/v7-m/nofp/crtbegin.o
                [!provide]                        PROVIDE (__fini_array_end = .)
                0x0000000008002b1c                . = ALIGN (0x4)
                0x0000000008002b1c                _sidata = LOADADDR (.data)

.data           0x0000000020000000       0x58 load address 0x0000000008002b1c
                0x0000000020000000                . = ALIGN (0x4)
                0x0000000020000000                _sdata = .
 *(.data)
 *(.data*)
 .data.mac_address
                0x0000000020000000        0x6 ./Core/Src/main.o
                0x0000000020000000                mac_address
 *fill*         0x0000000020000006        0x2 
 .data.gWIZNETINFO
                0x0000000020000008       0x17 ./Core/Src/main.o
                0x0000000020000008                gWIZNETINFO
 *fill*         0x000000002000001f        0x1 
 .data.SystemCoreClock
                0x0000000020000020        0x4 ./Core/Src/system_stm32f1xx.o
                0x0000000020000020                SystemCoreClock
 .data.uwTickPrio
                0x0000000020000024        0x4 ./Drivers/STM32F1xx_HAL_Driver/Src/stm32f1xx_hal.o
                0x0000000020000024                uwTickPrio
 .data.uwTickFreq
                0x0000000020000028        0x1 ./Drivers/STM32F1xx_HAL_Driver/Src/stm32f1xx_hal.o
                0x0000000020000028                uwTickFreq
 *fill*         0x0000000020000029        0x3 
 .data.WIZCHIP  0x000000002000002c       0x2c ./Drivers/ioLibrary_Driver/Ethernet/wizchip_conf.o
                0x000000002000002c                WIZCHIP
 *(.RamFunc)
 *(.RamFunc*)
                0x0000000020000058                . = ALIGN (0x4)
                0x0000000020000058                _edata = .

.igot.plt       0x0000000020000058        0x0 load address 0x0000000008002b74
 .igot.plt      0x0000000020000058        0x0 /home/radoslav/st/stm32cubeide_1.10.1/plugins/com.st.stm32cube.ide.mcu.externaltools.gnu-tools-for-stm32.10.3-2021.10.linux64_1.0.0.202111181127/tools/bin/../lib/gcc/arm-none-eabi/10.3.1/thumb/v7-m/nofp/crtbegin.o
                0x0000000020000058                . = ALIGN (0x4)

.bss            0x0000000020000058       0x80 load address 0x0000000008002b74
                0x0000000020000058                _sbss = .
                0x0000000020000058                __bss_start__ = _sbss
 *(.bss)
 .bss           0x0000000020000058       0x1c /home/radoslav/st/stm32cubeide_1.10.1/plugins/com.st.stm32cube.ide.mcu.externaltools.gnu-tools-for-stm32.10.3-2021.10.linux64_1.0.0.202111181127/tools/bin/../lib/gcc/arm-none-eabi/10.3.1/thumb/v7-m/nofp/crtbegin.o
 *(.bss*)
 .bss.hspi1     0x0000000020000074       0x58 ./Core/Src/W5500HardwareDriver.o
                0x0000000020000074                hspi1
 .bss.uwTick    0x00000000200000cc        0x4 ./Drivers/STM32F1xx_HAL_Driver/Src/stm32f1xx_hal.o
                0x00000000200000cc                uwTick
 .bss._DNS_     0x00000000200000d0        0x4 ./Drivers/ioLibrary_Driver/Ethernet/wizchip_conf.o
 .bss._DHCP_    0x00000000200000d4        0x1 ./Drivers/ioLibrary_Driver/Ethernet/wizchip_conf.o
 *(COMMON)
                0x00000000200000d8                . = ALIGN (0x4)
 *fill*         0x00000000200000d5        0x3 
                0x00000000200000d8                _ebss = .
                0x00000000200000d8                __bss_end__ = _ebss

._user_heap_stack
                0x00000000200000d8      0x600 load address 0x0000000008002b74
                0x00000000200000d8                . = ALIGN (0x8)
                [!provide]                        PROVIDE (end = .)
                0x00000000200000d8                PROVIDE (_end = .)
                0x00000000200002d8                . = (. + _Min_Heap_Size)
 *fill*         0x00000000200000d8      0x200 
                0x00000000200006d8                . = (. + _Min_Stack_Size)
 *fill*         0x00000000200002d8      0x400 
                0x00000000200006d8                . = ALIGN (0x8)

/DISCARD/
 libc.a(*)
 libm.a(*)
 libgcc.a(*)

.ARM.attributes
                0x0000000000000000       0x29
 *(.ARM.attributes)
 .ARM.attributes
                0x0000000000000000       0x1d /home/radoslav/st/stm32cubeide_1.10.1/plugins/com.st.stm32cube.ide.mcu.externaltools.gnu-tools-for-stm32.10.3-2021.10.linux64_1.0.0.202111181127/tools/bin/../lib/gcc/arm-none-eabi/10.3.1/thumb/v7-m/nofp/crti.o
 .ARM.attributes
                0x000000000000001d       0x2d /home/radoslav/st/stm32cubeide_1.10.1/plugins/com.st.stm32cube.ide.mcu.externaltools.gnu-tools-for-stm32.10.3-2021.10.linux64_1.0.0.202111181127/tools/bin/../lib/gcc/arm-none-eabi/10.3.1/thumb/v7-m/nofp/crtbegin.o
 .ARM.attributes
                0x000000000000004a       0x2d ./Core/Src/W5500HardwareDriver.o
 .ARM.attributes
                0x0000000000000077       0x2d ./Core/Src/main.o
 .ARM.attributes
                0x00000000000000a4       0x2d ./Core/Src/stm32f1xx_hal_msp.o
 .ARM.attributes
                0x00000000000000d1       0x2d ./Core/Src/stm32f1xx_it.o
 .ARM.attributes
                0x00000000000000fe       0x2d ./Core/Src/system_stm32f1xx.o
 .ARM.attributes
                0x000000000000012b       0x21 ./Core/Startup/startup_stm32f103c8tx.o
 .ARM.attributes
                0x000000000000014c       0x2d ./Drivers/STM32F1xx_HAL_Driver/Src/stm32f1xx_hal.o
 .ARM.attributes
                0x0000000000000179       0x2d ./Drivers/STM32F1xx_HAL_Driver/Src/stm32f1xx_hal_cortex.o
 .ARM.attributes
                0x00000000000001a6       0x2d ./Drivers/STM32F1xx_HAL_Driver/Src/stm32f1xx_hal_gpio.o
 .ARM.attributes
                0x00000000000001d3       0x2d ./Drivers/STM32F1xx_HAL_Driver/Src/stm32f1xx_hal_rcc.o
 .ARM.attributes
                0x0000000000000200       0x2d ./Drivers/STM32F1xx_HAL_Driver/Src/stm32f1xx_hal_spi.o
 .ARM.attributes
                0x000000000000022d       0x2d ./Drivers/ioLibrary_Driver/Ethernet/W5500/w5500.o
 .ARM.attributes
                0x000000000000025a       0x2d ./Drivers/ioLibrary_Driver/Ethernet/wizchip_conf.o
 .ARM.attributes
                0x0000000000000287       0x2d /home/radoslav/st/stm32cubeide_1.10.1/plugins/com.st.stm32cube.ide.mcu.externaltools.gnu-tools-for-stm32.10.3-2021.10.linux64_1.0.0.202111181127/tools/bin/../lib/gcc/arm-none-eabi/10.3.1/../../../../arm-none-eabi/lib/thumb/v7-m/nofp/libc_nano.a(lib_a-init.o)
 .ARM.attributes
                0x00000000000002b4       0x2d /home/radoslav/st/stm32cubeide_1.10.1/plugins/com.st.stm32cube.ide.mcu.externaltools.gnu-tools-for-stm32.10.3-2021.10.linux64_1.0.0.202111181127/tools/bin/../lib/gcc/arm-none-eabi/10.3.1/../../../../arm-none-eabi/lib/thumb/v7-m/nofp/libc_nano.a(lib_a-memset.o)
 .ARM.attributes
                0x00000000000002e1       0x1d /home/radoslav/st/stm32cubeide_1.10.1/plugins/com.st.stm32cube.ide.mcu.externaltools.gnu-tools-for-stm32.10.3-2021.10.linux64_1.0.0.202111181127/tools/bin/../lib/gcc/arm-none-eabi/10.3.1/thumb/v7-m/nofp/crtn.o
OUTPUT(IoT-djadja.elf elf32-littlearm)
LOAD linker stubs
LOAD /home/radoslav/st/stm32cubeide_1.10.1/plugins/com.st.stm32cube.ide.mcu.externaltools.gnu-tools-for-stm32.10.3-2021.10.linux64_1.0.0.202111181127/tools/bin/../lib/gcc/arm-none-eabi/10.3.1/../../../../arm-none-eabi/lib/thumb/v7-m/nofp/libc.a
LOAD /home/radoslav/st/stm32cubeide_1.10.1/plugins/com.st.stm32cube.ide.mcu.externaltools.gnu-tools-for-stm32.10.3-2021.10.linux64_1.0.0.202111181127/tools/bin/../lib/gcc/arm-none-eabi/10.3.1/../../../../arm-none-eabi/lib/thumb/v7-m/nofp/libm.a
LOAD /home/radoslav/st/stm32cubeide_1.10.1/plugins/com.st.stm32cube.ide.mcu.externaltools.gnu-tools-for-stm32.10.3-2021.10.linux64_1.0.0.202111181127/tools/bin/../lib/gcc/arm-none-eabi/10.3.1/thumb/v7-m/nofp/libgcc.a

.debug_info     0x0000000000000000     0x645d
 .debug_info    0x0000000000000000      0xa2b ./Core/Src/W5500HardwareDriver.o
 .debug_info    0x0000000000000a2b      0x4df ./Core/Src/main.o
 .debug_info    0x0000000000000f0a      0x7f5 ./Core/Src/stm32f1xx_hal_msp.o
 .debug_info    0x00000000000016ff      0x122 ./Core/Src/stm32f1xx_it.o
 .debug_info    0x0000000000001821      0x23d ./Core/Src/system_stm32f1xx.o
 .debug_info    0x0000000000001a5e       0x22 ./Core/Startup/startup_stm32f103c8tx.o
 .debug_info    0x0000000000001a80      0x734 ./Drivers/STM32F1xx_HAL_Driver/Src/stm32f1xx_hal.o
 .debug_info    0x00000000000021b4      0xb20 ./Drivers/STM32F1xx_HAL_Driver/Src/stm32f1xx_hal_cortex.o
 .debug_info    0x0000000000002cd4      0x615 ./Drivers/STM32F1xx_HAL_Driver/Src/stm32f1xx_hal_gpio.o
 .debug_info    0x00000000000032e9      0x860 ./Drivers/STM32F1xx_HAL_Driver/Src/stm32f1xx_hal_rcc.o
 .debug_info    0x0000000000003b49     0x1658 ./Drivers/STM32F1xx_HAL_Driver/Src/stm32f1xx_hal_spi.o
 .debug_info    0x00000000000051a1      0x586 ./Drivers/ioLibrary_Driver/Ethernet/W5500/w5500.o
 .debug_info    0x0000000000005727      0xd36 ./Drivers/ioLibrary_Driver/Ethernet/wizchip_conf.o

.debug_abbrev   0x0000000000000000     0x1861
 .debug_abbrev  0x0000000000000000      0x234 ./Core/Src/W5500HardwareDriver.o
 .debug_abbrev  0x0000000000000234      0x216 ./Core/Src/main.o
 .debug_abbrev  0x000000000000044a      0x182 ./Core/Src/stm32f1xx_hal_msp.o
 .debug_abbrev  0x00000000000005cc       0x74 ./Core/Src/stm32f1xx_it.o
 .debug_abbrev  0x0000000000000640      0x13b ./Core/Src/system_stm32f1xx.o
 .debug_abbrev  0x000000000000077b       0x12 ./Core/Startup/startup_stm32f103c8tx.o
 .debug_abbrev  0x000000000000078d      0x1fb ./Drivers/STM32F1xx_HAL_Driver/Src/stm32f1xx_hal.o
 .debug_abbrev  0x0000000000000988      0x2ed ./Drivers/STM32F1xx_HAL_Driver/Src/stm32f1xx_hal_cortex.o
 .debug_abbrev  0x0000000000000c75      0x1bb ./Drivers/STM32F1xx_HAL_Driver/Src/stm32f1xx_hal_gpio.o
 .debug_abbrev  0x0000000000000e30      0x2a8 ./Drivers/STM32F1xx_HAL_Driver/Src/stm32f1xx_hal_rcc.o
 .debug_abbrev  0x00000000000010d8      0x26e ./Drivers/STM32F1xx_HAL_Driver/Src/stm32f1xx_hal_spi.o
 .debug_abbrev  0x0000000000001346      0x211 ./Drivers/ioLibrary_Driver/Ethernet/W5500/w5500.o
 .debug_abbrev  0x0000000000001557      0x30a ./Drivers/ioLibrary_Driver/Ethernet/wizchip_conf.o

.debug_aranges  0x0000000000000000      0x798
 .debug_aranges
                0x0000000000000000       0x50 ./Core/Src/W5500HardwareDriver.o
 .debug_aranges
                0x0000000000000050       0x38 ./Core/Src/main.o
 .debug_aranges
                0x0000000000000088       0x30 ./Core/Src/stm32f1xx_hal_msp.o
 .debug_aranges
                0x00000000000000b8       0x60 ./Core/Src/stm32f1xx_it.o
 .debug_aranges
                0x0000000000000118       0x28 ./Core/Src/system_stm32f1xx.o
 .debug_aranges
                0x0000000000000140       0x28 ./Core/Startup/startup_stm32f103c8tx.o
 .debug_aranges
                0x0000000000000168       0xe0 ./Drivers/STM32F1xx_HAL_Driver/Src/stm32f1xx_hal.o
 .debug_aranges
                0x0000000000000248      0x100 ./Drivers/STM32F1xx_HAL_Driver/Src/stm32f1xx_hal_cortex.o
 .debug_aranges
                0x0000000000000348       0x58 ./Drivers/STM32F1xx_HAL_Driver/Src/stm32f1xx_hal_gpio.o
 .debug_aranges
                0x00000000000003a0       0x90 ./Drivers/STM32F1xx_HAL_Driver/Src/stm32f1xx_hal_rcc.o
 .debug_aranges
                0x0000000000000430      0x1d0 ./Drivers/STM32F1xx_HAL_Driver/Src/stm32f1xx_hal_spi.o
 .debug_aranges
                0x0000000000000600       0x60 ./Drivers/ioLibrary_Driver/Ethernet/W5500/w5500.o
 .debug_aranges
                0x0000000000000660      0x138 ./Drivers/ioLibrary_Driver/Ethernet/wizchip_conf.o

.debug_ranges   0x0000000000000000      0x6d0
 .debug_ranges  0x0000000000000000       0x40 ./Core/Src/W5500HardwareDriver.o
 .debug_ranges  0x0000000000000040       0x28 ./Core/Src/main.o
 .debug_ranges  0x0000000000000068       0x20 ./Core/Src/stm32f1xx_hal_msp.o
 .debug_ranges  0x0000000000000088       0x50 ./Core/Src/stm32f1xx_it.o
 .debug_ranges  0x00000000000000d8       0x18 ./Core/Src/system_stm32f1xx.o
 .debug_ranges  0x00000000000000f0       0x20 ./Core/Startup/startup_stm32f103c8tx.o
 .debug_ranges  0x0000000000000110       0xd0 ./Drivers/STM32F1xx_HAL_Driver/Src/stm32f1xx_hal.o
 .debug_ranges  0x00000000000001e0       0xf0 ./Drivers/STM32F1xx_HAL_Driver/Src/stm32f1xx_hal_cortex.o
 .debug_ranges  0x00000000000002d0       0x48 ./Drivers/STM32F1xx_HAL_Driver/Src/stm32f1xx_hal_gpio.o
 .debug_ranges  0x0000000000000318       0x80 ./Drivers/STM32F1xx_HAL_Driver/Src/stm32f1xx_hal_rcc.o
 .debug_ranges  0x0000000000000398      0x1c0 ./Drivers/STM32F1xx_HAL_Driver/Src/stm32f1xx_hal_spi.o
 .debug_ranges  0x0000000000000558       0x50 ./Drivers/ioLibrary_Driver/Ethernet/W5500/w5500.o
 .debug_ranges  0x00000000000005a8      0x128 ./Drivers/ioLibrary_Driver/Ethernet/wizchip_conf.o

.debug_macro    0x0000000000000000    0x166dc
 .debug_macro   0x0000000000000000      0x1b9 ./Core/Src/W5500HardwareDriver.o
 .debug_macro   0x00000000000001b9      0xa6c ./Core/Src/W5500HardwareDriver.o
 .debug_macro   0x0000000000000c25      0x215 ./Core/Src/W5500HardwareDriver.o
 .debug_macro   0x0000000000000e3a       0x2e ./Core/Src/W5500HardwareDriver.o
 .debug_macro   0x0000000000000e68       0x22 ./Core/Src/W5500HardwareDriver.o
 .debug_macro   0x0000000000000e8a       0x22 ./Core/Src/W5500HardwareDriver.o
 .debug_macro   0x0000000000000eac       0x8e ./Core/Src/W5500HardwareDriver.o
 .debug_macro   0x0000000000000f3a       0x51 ./Core/Src/W5500HardwareDriver.o
 .debug_macro   0x0000000000000f8b      0x103 ./Core/Src/W5500HardwareDriver.o
 .debug_macro   0x000000000000108e       0x6a ./Core/Src/W5500HardwareDriver.o
 .debug_macro   0x00000000000010f8      0x1df ./Core/Src/W5500HardwareDriver.o
 .debug_macro   0x00000000000012d7       0x1c ./Core/Src/W5500HardwareDriver.o
 .debug_macro   0x00000000000012f3       0x22 ./Core/Src/W5500HardwareDriver.o
 .debug_macro   0x0000000000001315       0xbd ./Core/Src/W5500HardwareDriver.o
 .debug_macro   0x00000000000013d2      0xd23 ./Core/Src/W5500HardwareDriver.o
 .debug_macro   0x00000000000020f5     0xe09e ./Core/Src/W5500HardwareDriver.o
 .debug_macro   0x0000000000010193       0x6d ./Core/Src/W5500HardwareDriver.o
 .debug_macro   0x0000000000010200     0x3468 ./Core/Src/W5500HardwareDriver.o
 .debug_macro   0x0000000000013668      0x174 ./Core/Src/W5500HardwareDriver.o
 .debug_macro   0x00000000000137dc       0x5c ./Core/Src/W5500HardwareDriver.o
 .debug_macro   0x0000000000013838      0x5be ./Core/Src/W5500HardwareDriver.o
 .debug_macro   0x0000000000013df6      0x289 ./Core/Src/W5500HardwareDriver.o
 .debug_macro   0x000000000001407f      0x1cb ./Core/Src/W5500HardwareDriver.o
 .debug_macro   0x000000000001424a      0x114 ./Core/Src/W5500HardwareDriver.o
 .debug_macro   0x000000000001435e      0x1b2 ./Core/Src/W5500HardwareDriver.o
 .debug_macro   0x0000000000014510       0x27 ./Core/Src/W5500HardwareDriver.o
 .debug_macro   0x0000000000014537      0x136 ./Core/Src/W5500HardwareDriver.o
 .debug_macro   0x000000000001466d      0x1bc ./Core/Src/W5500HardwareDriver.o
 .debug_macro   0x0000000000014829       0x34 ./Core/Src/W5500HardwareDriver.o
 .debug_macro   0x000000000001485d       0x3c ./Core/Src/W5500HardwareDriver.o
 .debug_macro   0x0000000000014899       0x57 ./Core/Src/W5500HardwareDriver.o
 .debug_macro   0x00000000000148f0       0x88 ./Core/Src/W5500HardwareDriver.o
 .debug_macro   0x0000000000014978      0x241 ./Core/Src/W5500HardwareDriver.o
 .debug_macro   0x0000000000014bb9      0x141 ./Core/Src/W5500HardwareDriver.o
 .debug_macro   0x0000000000014cfa      0x217 ./Core/Src/W5500HardwareDriver.o
 .debug_macro   0x0000000000014f11       0x83 ./Core/Src/W5500HardwareDriver.o
 .debug_macro   0x0000000000014f94       0x64 ./Core/Src/W5500HardwareDriver.o
 .debug_macro   0x0000000000014ff8       0x6c ./Core/Src/W5500HardwareDriver.o
 .debug_macro   0x0000000000015064      0x5e7 ./Core/Src/W5500HardwareDriver.o
 .debug_macro   0x000000000001564b       0x66 ./Core/Src/W5500HardwareDriver.o
 .debug_macro   0x00000000000156b1      0x1c3 ./Core/Src/main.o
 .debug_macro   0x0000000000015874      0x198 ./Core/Src/stm32f1xx_hal_msp.o
 .debug_macro   0x0000000000015a0c      0x1a2 ./Core/Src/stm32f1xx_it.o
 .debug_macro   0x0000000000015bae      0x18e ./Core/Src/system_stm32f1xx.o
 .debug_macro   0x0000000000015d3c      0x1b2 ./Drivers/STM32F1xx_HAL_Driver/Src/stm32f1xx_hal.o
 .debug_macro   0x0000000000015eee      0x18e ./Drivers/STM32F1xx_HAL_Driver/Src/stm32f1xx_hal_cortex.o
 .debug_macro   0x000000000001607c      0x1f9 ./Drivers/STM32F1xx_HAL_Driver/Src/stm32f1xx_hal_gpio.o
 .debug_macro   0x0000000000016275      0x1a0 ./Drivers/STM32F1xx_HAL_Driver/Src/stm32f1xx_hal_rcc.o
 .debug_macro   0x0000000000016415      0x196 ./Drivers/STM32F1xx_HAL_Driver/Src/stm32f1xx_hal_spi.o
 .debug_macro   0x00000000000165ab       0x9d ./Drivers/ioLibrary_Driver/Ethernet/W5500/w5500.o
 .debug_macro   0x0000000000016648       0x94 ./Drivers/ioLibrary_Driver/Ethernet/wizchip_conf.o

.debug_line     0x0000000000000000     0x7dcd
 .debug_line    0x0000000000000000      0x85c ./Core/Src/W5500HardwareDriver.o
 .debug_line    0x000000000000085c      0x7b4 ./Core/Src/main.o
 .debug_line    0x0000000000001010      0x696 ./Core/Src/stm32f1xx_hal_msp.o
 .debug_line    0x00000000000016a6      0x706 ./Core/Src/stm32f1xx_it.o
 .debug_line    0x0000000000001dac      0x6c2 ./Core/Src/system_stm32f1xx.o
 .debug_line    0x000000000000246e       0x87 ./Core/Startup/startup_stm32f103c8tx.o
 .debug_line    0x00000000000024f5      0x8ef ./Drivers/STM32F1xx_HAL_Driver/Src/stm32f1xx_hal.o
 .debug_line    0x0000000000002de4      0xad7 ./Drivers/STM32F1xx_HAL_Driver/Src/stm32f1xx_hal_cortex.o
 .debug_line    0x00000000000038bb      0x986 ./Drivers/STM32F1xx_HAL_Driver/Src/stm32f1xx_hal_gpio.o
 .debug_line    0x0000000000004241      0xcfd ./Drivers/STM32F1xx_HAL_Driver/Src/stm32f1xx_hal_rcc.o
 .debug_line    0x0000000000004f3e     0x1b74 ./Drivers/STM32F1xx_HAL_Driver/Src/stm32f1xx_hal_spi.o
 .debug_line    0x0000000000006ab2      0x7a7 ./Drivers/ioLibrary_Driver/Ethernet/W5500/w5500.o
 .debug_line    0x0000000000007259      0xb74 ./Drivers/ioLibrary_Driver/Ethernet/wizchip_conf.o

.debug_str      0x0000000000000000    0x80c51
 .debug_str     0x0000000000000000    0x7ee8e ./Core/Src/W5500HardwareDriver.o
                                      0x7f21c (size before relaxing)
 .debug_str     0x000000000007ee8e      0x232 ./Core/Src/main.o
                                      0x7ee08 (size before relaxing)
 .debug_str     0x000000000007f0c0       0x63 ./Core/Src/stm32f1xx_hal_msp.o
                                      0x7c301 (size before relaxing)
 .debug_str     0x000000000007f123       0xc9 ./Core/Src/stm32f1xx_it.o
                                      0x7bee9 (size before relaxing)
 .debug_str     0x000000000007f1ec       0x7e ./Core/Src/system_stm32f1xx.o
                                      0x7beff (size before relaxing)
 .debug_str     0x000000000007f26a       0x36 ./Core/Startup/startup_stm32f103c8tx.o
                                         0x74 (size before relaxing)
 .debug_str     0x000000000007f2a0      0x607 ./Drivers/STM32F1xx_HAL_Driver/Src/stm32f1xx_hal.o
                                      0x7c632 (size before relaxing)
 .debug_str     0x000000000007f8a7      0x2c5 ./Drivers/STM32F1xx_HAL_Driver/Src/stm32f1xx_hal_cortex.o
                                      0x7c57e (size before relaxing)
 .debug_str     0x000000000007fb6c      0x305 ./Drivers/STM32F1xx_HAL_Driver/Src/stm32f1xx_hal_gpio.o
                                      0x7c285 (size before relaxing)
 .debug_str     0x000000000007fe71      0x229 ./Drivers/STM32F1xx_HAL_Driver/Src/stm32f1xx_hal_rcc.o
                                      0x7c32e (size before relaxing)
 .debug_str     0x000000000008009a      0x550 ./Drivers/STM32F1xx_HAL_Driver/Src/stm32f1xx_hal_spi.o
                                      0x7c82b (size before relaxing)
 .debug_str     0x00000000000805ea      0x1a7 ./Drivers/ioLibrary_Driver/Ethernet/W5500/w5500.o
                                       0x6918 (size before relaxing)
 .debug_str     0x0000000000080791      0x4c0 ./Drivers/ioLibrary_Driver/Ethernet/wizchip_conf.o
                                       0x71ce (size before relaxing)

.comment        0x0000000000000000       0x50
 .comment       0x0000000000000000       0x50 ./Core/Src/W5500HardwareDriver.o
                                         0x51 (size before relaxing)
 .comment       0x0000000000000050       0x51 ./Core/Src/main.o
 .comment       0x0000000000000050       0x51 ./Core/Src/stm32f1xx_hal_msp.o
 .comment       0x0000000000000050       0x51 ./Core/Src/stm32f1xx_it.o
 .comment       0x0000000000000050       0x51 ./Core/Src/system_stm32f1xx.o
 .comment       0x0000000000000050       0x51 ./Drivers/STM32F1xx_HAL_Driver/Src/stm32f1xx_hal.o
 .comment       0x0000000000000050       0x51 ./Drivers/STM32F1xx_HAL_Driver/Src/stm32f1xx_hal_cortex.o
 .comment       0x0000000000000050       0x51 ./Drivers/STM32F1xx_HAL_Driver/Src/stm32f1xx_hal_gpio.o
 .comment       0x0000000000000050       0x51 ./Drivers/STM32F1xx_HAL_Driver/Src/stm32f1xx_hal_rcc.o
 .comment       0x0000000000000050       0x51 ./Drivers/STM32F1xx_HAL_Driver/Src/stm32f1xx_hal_spi.o
 .comment       0x0000000000000050       0x51 ./Drivers/ioLibrary_Driver/Ethernet/W5500/w5500.o
 .comment       0x0000000000000050       0x51 ./Drivers/ioLibrary_Driver/Ethernet/wizchip_conf.o

.debug_frame    0x0000000000000000     0x1d40
 .debug_frame   0x0000000000000000      0x100 ./Core/Src/W5500HardwareDriver.o
 .debug_frame   0x0000000000000100       0x90 ./Core/Src/main.o
 .debug_frame   0x0000000000000190       0x80 ./Core/Src/stm32f1xx_hal_msp.o
 .debug_frame   0x0000000000000210      0x104 ./Core/Src/stm32f1xx_it.o
 .debug_frame   0x0000000000000314       0x58 ./Core/Src/system_stm32f1xx.o
 .debug_frame   0x000000000000036c      0x334 ./Drivers/STM32F1xx_HAL_Driver/Src/stm32f1xx_hal.o
 .debug_frame   0x00000000000006a0      0x428 ./Drivers/STM32F1xx_HAL_Driver/Src/stm32f1xx_hal_cortex.o
 .debug_frame   0x0000000000000ac8      0x14c ./Drivers/STM32F1xx_HAL_Driver/Src/stm32f1xx_hal_gpio.o
 .debug_frame   0x0000000000000c14      0x21c ./Drivers/STM32F1xx_HAL_Driver/Src/stm32f1xx_hal_rcc.o
 .debug_frame   0x0000000000000e30      0x824 ./Drivers/STM32F1xx_HAL_Driver/Src/stm32f1xx_hal_spi.o
 .debug_frame   0x0000000000001654      0x16c ./Drivers/ioLibrary_Driver/Ethernet/W5500/w5500.o
 .debug_frame   0x00000000000017c0      0x534 ./Drivers/ioLibrary_Driver/Ethernet/wizchip_conf.o
 .debug_frame   0x0000000000001cf4       0x2c /home/radoslav/st/stm32cubeide_1.10.1/plugins/com.st.stm32cube.ide.mcu.externaltools.gnu-tools-for-stm32.10.3-2021.10.linux64_1.0.0.202111181127/tools/bin/../lib/gcc/arm-none-eabi/10.3.1/../../../../arm-none-eabi/lib/thumb/v7-m/nofp/libc_nano.a(lib_a-init.o)
 .debug_frame   0x0000000000001d20       0x20 /home/radoslav/st/stm32cubeide_1.10.1/plugins/com.st.stm32cube.ide.mcu.externaltools.gnu-tools-for-stm32.10.3-2021.10.linux64_1.0.0.202111181127/tools/bin/../lib/gcc/arm-none-eabi/10.3.1/../../../../arm-none-eabi/lib/thumb/v7-m/nofp/libc_nano.a(lib_a-memset.o)
